KalmanFilter.c:32:6:Start_Kalman_Algorithm	72	static
KalmanFilter.c:78:6:Execute_Kalman_Filter	120	static
KalmanFilter.c:148:7:Kalman_GetPitch	4	static
KalmanFilter.c:152:7:Kalman_GetRoll	4	static
KalmanFilter.c:156:6:Kalman_IncTick	8	static
KalmanFilter.c:165:10:Kalman_GetTick	4	static
KalmanFilter.c:170:6:Kalman_SetFlag	4	static
KalmanFilter.c:174:9:Kalman_GetFlag	4	static
KalmanFilter.c:178:6:Kalman_ClearFlag	4	static
KalmanFilter.c:182:14:KalmanX_getAngle	56	static
KalmanFilter.c:212:14:KalmanY_getAngle	56	static
