LSM6DS3.c:35:6:LSM6DS3_Initialize	16	static
LSM6DS3.c:51:16:LSM6DS3_Detect	24	static
LSM6DS3.c:93:16:LSM6DS3_XL_Start	24	static
LSM6DS3.c:110:9:LSM6DS3_XL_Stop	16	static
LSM6DS3.c:125:23:LSM6DS3_Verify_XL_Settings	16	static
LSM6DS3.c:143:16:LSM6DS3_XL_GetMeasurements	16	static
LSM6DS3.c:178:16:LSM6DS3_GS_Start	24	static
LSM6DS3.c:196:16:LSM6DS3_GS_Stop	16	static
LSM6DS3.c:211:23:LSM6DS3_Verify_GS_Settings	16	static
LSM6DS3.c:227:16:LSM6DS3_GS_GetMeasurements	16	static
LSM6DS3.c:246:16:LSM6DS3_IMU_GetMeasurements	24	static
LSM6DS3.c:267:9:LSM6DS3_GetXL_X_Int16	4	static
LSM6DS3.c:276:9:LSM6DS3_GetXL_Y_Int16	4	static
LSM6DS3.c:285:9:LSM6DS3_GetXL_Z_Int16	4	static
LSM6DS3.c:297:7:LSM6DS3_GetXL_X_Float	24	static
LSM6DS3.c:331:7:LSM6DS3_GetXL_Y_Float	24	static
LSM6DS3.c:366:7:LSM6DS3_GetXL_Z_Float	24	static
LSM6DS3.c:398:9:LSM6DS3_GetGS_X_Int16	4	static
LSM6DS3.c:407:9:LSM6DS3_GetGS_Y_Int16	4	static
LSM6DS3.c:416:9:LSM6DS3_GetGS_Z_Int16	4	static
LSM6DS3.c:425:9:LSM6DS3_Temperature_Int16	4	static
LSM6DS3.c:434:7:LSM6DS3_Temperature_Celsius	8	static
LSM6DS3.c:446:7:LSM6DS3_GetGS_X_Float	24	static
LSM6DS3.c:484:7:LSM6DS3_GetGS_Y_Float	24	static
LSM6DS3.c:522:7:LSM6DS3_GetGS_Z_Float	24	static
LSM6DS3.c:561:23:LSM6DS3_ReadRegister	32	static
LSM6DS3.c:578:23:LSM6DS3_WriteAndVerify	72	static
